../Core/Src/myactuator.c:5:6:sendCANPacket	48	static
../Core/Src/myactuator.c:20:6:MYACTUATOR_READ_PID	24	static
../Core/Src/myactuator.c:30:6:MYACTUATOR_WRITE_PID_TO_RAM	32	static
../Core/Src/myactuator.c:52:6:MYACTUATOR_WRITE_PID_TO_ROM	32	static
../Core/Src/myactuator.c:74:6:MYACTUATOR_READ_ACCEL	24	static
../Core/Src/myactuator.c:84:6:MYACTUATOR_WRITE_ACCEL_TO_ROM_RAM	24	static
../Core/Src/myactuator.c:98:6:MYACTUATOR_READ_MULTI_ENC_POS	24	static
../Core/Src/myactuator.c:107:6:MYACTUATOR_READ_MULTI_ENC_ORIGINAL_POS	24	static
../Core/Src/myactuator.c:116:6:MYACTUATOR_READ_MULTI_ENC_ZERO_OFFSET	24	static
../Core/Src/myactuator.c:125:6:MYACTUATOR_WRITE_ENC_MULTI_TO_ROM_AS_MOTOR_ZERO	32	static
../Core/Src/myactuator.c:145:6:MYACTUATOR_WRITE_CURRENT_MULTI_POS_ENC_TO_ROM_AS_MOTOR_ZERO	24	static
../Core/Src/myactuator.c:154:6:MYACTUATOR_READ_SINGLE_ENC	24	static
../Core/Src/myactuator.c:163:6:MYACTUATOR_READ_MULTI_ENC_ANGLE	24	static
../Core/Src/myactuator.c:172:6:MYACTUATOR_READ_SINGLE_ENC_ANGLE	24	static
../Core/Src/myactuator.c:181:6:MYACTUATOR_READ_MOTOR_STATUS_1	24	static
../Core/Src/myactuator.c:190:6:MYACTUATOR_READ_MOTOR_STATUS_2	24	static
../Core/Src/myactuator.c:199:6:MYACTUATOR_READ_MOTOR_STATUS_3	24	static
../Core/Src/myactuator.c:208:6:MYACTUATOR_MOTOR_SHUTDOWN	24	static
../Core/Src/myactuator.c:217:6:MYACTUATOR_MOTOR_STOP	24	static
../Core/Src/myactuator.c:226:6:MYACTUATOR_TORQUE_CL_CONTROL	32	static
../Core/Src/myactuator.c:245:6:MYACTUATOR_SPEED_CL_CONTROL	32	static
../Core/Src/myactuator.c:267:6:MYACTUATOR_ABS_POS_CL_CONTROL	32	static
../Core/Src/myactuator.c:295:6:MYACTUATOR_SINGLE_POS_CONTROL	40	static
../Core/Src/myactuator.c:317:6:MYACTUATOR_INC_POS_CL_CONTROL	32	static
../Core/Src/myactuator.c:345:6:MYACTUATOR_READ_SYS_OP_MODE	24	static
../Core/Src/myactuator.c:355:6:MYACTUATOR_RESET_MOTOR	24	static
../Core/Src/myactuator.c:364:6:MYACTUATOR_READ_SYS_RUNTIME	24	static
../Core/Src/myactuator.c:373:6:MYACTUATOR_SET_BAUD_RATE	24	static
